> Task :clean
> Task :memvra-client-java:clean UP-TO-DATE

> Task :compileJava
.\gradlew.bat : F:\Startup_Projects\MemVra\src\main\java\com\memvra\controller\AuthController.java:26: error: cannot find symbol
At line:1 char:1
+ .\gradlew.bat clean classes > build_output.txt 2>&1; type build_outpu ...
+ ~~~~~~~~~~~~~~~~~~~~~~~~~~~~~~~~~~~~~~~~~~~~~~~~~~~
    + CategoryInfo          : NotSpecified: (F:\Startup_Proj...not find symbol:String) [], RemoteException
    + FullyQualifiedErrorId : NativeCommandError
 
        authService.signup(request);
                   ^
  symbol:   method signup(@jakarta.validation.Valid SignupRequest)
  location: variable authService of type AuthService
F:\Startup_Projects\MemVra\src\main\java\com\memvra\controller\AuthController.java:35: error: cannot find symbol
        JwtAuthenticationResponse authResponse = authService.login(request);
                                                            ^
  symbol:   method login(@jakarta.validation.Valid LoginRequest)
  location: variable authService of type AuthService
F:\Startup_Projects\MemVra\src\main\java\com\memvra\controller\AuthController.java:43: error: cannot find symbol
        jwtCookie.setSameSite("Strict"); // CSRF protection
                 ^
  symbol:   method setSameSite(String)
  location: variable jwtCookie of type Cookie
F:\Startup_Projects\MemVra\src\main\java\com\memvra\service\FactService.java:153: error: constructor FactRecordDto in record FactRecordDto 
cannot be applied to given types;
        FactRecordDto dto = new FactRecordDto();
                            ^
  required: String,String,SourceType,String,String,OffsetDateTime,String,boolean,String,OffsetDateTime
  found:    no arguments
  reason: actual and formal argument lists differ in length
F:\Startup_Projects\MemVra\src\main\java\com\memvra\service\FactService.java:154: error: cannot find symbol
        dto.setFactId("mv-" + record.getFactId());
           ^
  symbol:   method setFactId(String)
  location: variable dto of type FactRecordDto
F:\Startup_Projects\MemVra\src\main\java\com\memvra\service\FactService.java:155: error: cannot find symbol
        dto.setContent(record.getContent());
           ^
  symbol:   method setContent(String)
  location: variable dto of type FactRecordDto
F:\Startup_Projects\MemVra\src\main\java\com\memvra\service\FactService.java:156: error: cannot find symbol
        dto.setSourceType(record.getSourceType());
           ^
  symbol:   method setSourceType(SourceType)
  location: variable dto of type FactRecordDto
F:\Startup_Projects\MemVra\src\main\java\com\memvra\service\FactService.java:157: error: cannot find symbol
        dto.setSourceId(record.getSourceId());
           ^
  symbol:   method setSourceId(String)
  location: variable dto of type FactRecordDto
F:\Startup_Projects\MemVra\src\main\java\com\memvra\service\FactService.java:158: error: cannot find symbol
        dto.setRecordedBy(record.getRecordedBy());
           ^
  symbol:   method setRecordedBy(String)
  location: variable dto of type FactRecordDto
F:\Startup_Projects\MemVra\src\main\java\com\memvra\service\FactService.java:159: error: cannot find symbol
        dto.setCreatedAt(record.getCreatedAt());
           ^
  symbol:   method setCreatedAt(OffsetDateTime)
  location: variable dto of type FactRecordDto
F:\Startup_Projects\MemVra\src\main\java\com\memvra\service\FactService.java:160: error: cannot find symbol
        dto.setSignature(crypto.toBase64(record.getSignature()));
           ^
  symbol:   method setSignature(String)
  location: variable dto of type FactRecordDto
F:\Startup_Projects\MemVra\src\main\java\com\memvra\service\FactService.java:161: error: cannot find symbol
        dto.setRevoked(record.isRevoked());
           ^
  symbol:   method setRevoked(boolean)
  location: variable dto of type FactRecordDto
F:\Startup_Projects\MemVra\src\main\java\com\memvra\service\FactService.java:162: error: cannot find symbol
        dto.setRevocationReason(record.getRevocationReason());
           ^
  symbol:   method setRevocationReason(String)
  location: variable dto of type FactRecordDto
F:\Startup_Projects\MemVra\src\main\java\com\memvra\service\FactService.java:163: error: cannot find symbol
        dto.setRevokedAt(record.getRevokedAt());
           ^
  symbol:   method setRevokedAt(OffsetDateTime)
  location: variable dto of type FactRecordDto
14 errors

> Task :compileJava FAILED

FAILURE: Build failed with an exception.

* What went wrong:
Execution failed for task ':compileJava'.
> Compilation failed; see the compiler error output for details.

* Try:
> Run with --info option to get more log output.
> Run with --scan to get full insights.

Deprecated Gradle features were used in this build, making it incompatible with Gradle 9.0.

You can use '--warning-mode all' to show the individual deprecation warnings and determine if they come from your own scripts or plugins.

For more on this, please refer to https://docs.gradle.org/8.10.2/userguide/command_line_interface.html#sec:command_line_warnings in the Gradle documentation.

BUILD FAILED in 3s
3 actionable tasks: 2 executed, 1 up-to-date
