SUMMARY: Consolidated 4 memories. Detected themes: agent, entered, casino. Session appears neutral and focused.
SENTIMENT: neutral-focused
A1: The target was wearing a red carnation.
A2: The secret microfilm was hidden in the ice cube.
A3: 007 ordered a martini, shaken not stirred.
